mvn : WARNING: A terminally 
deprecated method in 
sun.misc.Unsafe has been called
At line:1 char:1
+ mvn clean compile 2>&1 > 
compile_output.txt; Get-Content 
compile_outp ...
+ ~~~~~~~~~~~~~~~~~~~~~~~~~~~~~~~~~
~~~~~~~~~~
    + CategoryInfo          : NotS 
   pecified: (WARNING: A term...h  
  as been called:String) [], Rem   
 oteException
    + FullyQualifiedErrorId : Nati 
   veCommandError
 
WARNING: 
sun.misc.Unsafe::staticFieldBase 
has been called by com.google.injec
t.internal.aop.HiddenClassDefiner (
file:/C:/Program%20Files%20(x86)/Ap
ache/Maven/apache-maven-3.9.11/lib/
guice-5.1.0-classes.jar)
WARNING: Please consider reporting 
this to the maintainers of class co
m.google.inject.internal.aop.Hidden
ClassDefiner
WARNING: 
sun.misc.Unsafe::staticFieldBase 
will be removed in a future release
[INFO] Scanning for projects...
[INFO] 
[INFO] -----------------------< com.agrosense:backend >------------------------
[INFO] Building agrosense-backend 0.0.1-SNAPSHOT
[INFO]   from pom.xml
[INFO] --------------------------------[ jar ]---------------------------------
[INFO] 
[INFO] --- clean:3.5.0:clean (default-clean) @ backend ---
[INFO] Deleting C:\ACADEMIC\Springboot_Projects\Dev{thon} - Agro Sense Ai\agro-sense-AI-backend\target
[INFO] 
[INFO] --- resources:3.3.1:resources (default-resources) @ backend ---
[INFO] Copying 3 resources from src\main\resources to target\classes
[INFO] Copying 1 resource from src\main\resources to target\classes
[INFO] 
[INFO] --- compiler:3.14.1:compile (default-compile) @ backend ---
[INFO] Recompiling the module because of changed source code.
[INFO] Compiling 68 source files with javac [debug parameters release 17] to target\classes
[INFO] -------------------------------------------------------------
[ERROR] COMPILATION ERROR : 
[INFO] -------------------------------------------------------------
[ERROR] /C:/ACADEMIC/Springboot_Projects/Dev{thon} - Agro Sense Ai/agro-sense-AI-backend/src/main/java/com/agrosense/backend/controller/WeatherController.java:[4,33] cannot find symbol
  symbol:   class WeatherResponse
  location: package com.agrosense.backend.dto
[ERROR] /C:/ACADEMIC/Springboot_Projects/Dev{thon} - Agro Sense Ai/agro-sense-AI-backend/src/main/java/com/agrosense/backend/service/WeatherService.java:[3,33] cannot find symbol
  symbol:   class WeatherResponse
  location: package com.agrosense.backend.dto
[ERROR] /C:/ACADEMIC/Springboot_Projects/Dev{thon} - Agro Sense Ai/agro-sense-AI-backend/src/main/java/com/agrosense/backend/controller/WeatherController.java:[20,24] cannot find symbol
  symbol:   class WeatherResponse
  location: class com.agrosense.backend.controller.WeatherController
[ERROR] /C:/ACADEMIC/Springboot_Projects/Dev{thon} - Agro Sense Ai/agro-sense-AI-backend/src/main/java/com/agrosense/backend/service/WeatherService.java:[6,5] cannot find symbol
  symbol:   class WeatherResponse
  location: interface com.agrosense.backend.service.WeatherService
[ERROR] /C:/ACADEMIC/Springboot_Projects/Dev{thon} - Agro Sense Ai/agro-sense-AI-backend/src/main/java/com/agrosense/backend/service/impl/RiskServiceImpl.java:[4,33] cannot find symbol
  symbol:   class WeatherResponse
  location: package com.agrosense.backend.dto
[ERROR] /C:/ACADEMIC/Springboot_Projects/Dev{thon} - Agro Sense Ai/agro-sense-AI-backend/src/main/java/com/agrosense/backend/service/impl/WeatherAlertServiceImpl.java:[4,33] cannot find symbol
  symbol:   class WeatherResponse
  location: package com.agrosense.backend.dto
[ERROR] /C:/ACADEMIC/Springboot_Projects/Dev{thon} - Agro Sense Ai/agro-sense-AI-backend/src/main/java/com/agrosense/backend/service/impl/WeatherServiceImpl.java:[3,33] cannot find symbol
  symbol:   class WeatherResponse
  location: package com.agrosense.backend.dto
[ERROR] /C:/ACADEMIC/Springboot_Projects/Dev{thon} - Agro Sense Ai/agro-sense-AI-backend/src/main/java/com/agrosense/backend/service/impl/WeatherServiceImpl.java:[42,12] cannot find symbol
  symbol:   class WeatherResponse
  location: class com.agrosense.backend.service.impl.WeatherServiceImpl
[INFO] 8 errors 
[INFO] -------------------------------------------------------------
[INFO] ------------------------------------------------------------------------
[INFO] BUILD FAILURE
[INFO] ------------------------------------------------------------------------
[INFO] Total time:  5.175 s
[INFO] Finished at: 2026-02-09T17:00:19+05:30
[INFO] ------------------------------------------------------------------------
[ERROR] Failed to execute goal org.apache.maven.plugins:maven-compiler-plugin:3.14.1:compile (default-compile) on project backend: Compilation failure: Compilation failure: 
[ERROR] /C:/ACADEMIC/Springboot_Projects/Dev{thon} - Agro Sense Ai/agro-sense-AI-backend/src/main/java/com/agrosense/backend/controller/WeatherController.java:[4,33] cannot find symbol
[ERROR]   symbol:   class WeatherResponse
[ERROR]   location: package com.agrosense.backend.dto
[ERROR] /C:/ACADEMIC/Springboot_Projects/Dev{thon} - Agro Sense Ai/agro-sense-AI-backend/src/main/java/com/agrosense/backend/service/WeatherService.java:[3,33] cannot find symbol
[ERROR]   symbol:   class WeatherResponse
[ERROR]   location: package com.agrosense.backend.dto
[ERROR] /C:/ACADEMIC/Springboot_Projects/Dev{thon} - Agro Sense Ai/agro-sense-AI-backend/src/main/java/com/agrosense/backend/controller/WeatherController.java:[20,24] cannot find symbol
[ERROR]   symbol:   class WeatherResponse
[ERROR]   location: class com.agrosense.backend.controller.WeatherController
[ERROR] /C:/ACADEMIC/Springboot_Projects/Dev{thon} - Agro Sense Ai/agro-sense-AI-backend/src/main/java/com/agrosense/backend/service/WeatherService.java:[6,5] cannot find symbol
[ERROR]   symbol:   class WeatherResponse
[ERROR]   location: interface com.agrosense.backend.service.WeatherService
[ERROR] /C:/ACADEMIC/Springboot_Projects/Dev{thon} - Agro Sense Ai/agro-sense-AI-backend/src/main/java/com/agrosense/backend/service/impl/RiskServiceImpl.java:[4,33] cannot find symbol
[ERROR]   symbol:   class WeatherResponse
[ERROR]   location: package com.agrosense.backend.dto
[ERROR] /C:/ACADEMIC/Springboot_Projects/Dev{thon} - Agro Sense Ai/agro-sense-AI-backend/src/main/java/com/agrosense/backend/service/impl/WeatherAlertServiceImpl.java:[4,33] cannot find symbol
[ERROR]   symbol:   class WeatherResponse
[ERROR]   location: package com.agrosense.backend.dto
[ERROR] /C:/ACADEMIC/Springboot_Projects/Dev{thon} - Agro Sense Ai/agro-sense-AI-backend/src/main/java/com/agrosense/backend/service/impl/WeatherServiceImpl.java:[3,33] cannot find symbol
[ERROR]   symbol:   class WeatherResponse
[ERROR]   location: package com.agrosense.backend.dto
[ERROR] /C:/ACADEMIC/Springboot_Projects/Dev{thon} - Agro Sense Ai/agro-sense-AI-backend/src/main/java/com/agrosense/backend/service/impl/WeatherServiceImpl.java:[42,12] cannot find symbol
[ERROR]   symbol:   class WeatherResponse
[ERROR]   location: class com.agrosense.backend.service.impl.WeatherServiceImpl
[ERROR] -> [Help 1]
[ERROR] 
[ERROR] To see the full stack trace of the errors, re-run Maven with the -e switch.
[ERROR] Re-run Maven using the -X switch to enable full debug logging.
[ERROR] 
[ERROR] For more information about the errors and possible solutions, please read the following articles:
[ERROR] [Help 1] http://cwiki.apache.org/confluence/display/MAVEN/MojoFailureException
